S ::= ia
A ::= Xa
A ::= Z
B ::= sO
C ::= dM
X ::= NP
Z ::= A
ia ::= ia A wn e
ia ::= epsilon
Xa ::= Xa epsilon
Xa ::= epsilon
sO ::= LL d
sO ::= epsilon
dM ::= Xsm
dM ::= epsilon
NP ::= C
NP ::= epsilon
wn ::= wn B b
wn ::= epsilon
LL ::= c
LL ::= epsilon
sm ::=
sm ::= epsilon
