C ::= TB
TB ::= XRN
TB ::= epsilon
RN ::=
RN ::= epsilon
