Stat ::= i E t Stat ElseStat
ElseStat ::= e Bc
ElseStat ::= epsilon
Bc ::= Bc Stat
Bc ::= epsilon
