First:
 S -> if uid while
 L -> if uid while
 X -> if uid while epsilon
 I -> if uid while
 A -> uid
 C -> if
 O -> else epsilon
 W -> while
 E -> c uid
 R -> != < = epsilon
 E2 -> c uid
 X2 -> + - epsilon
 T -> c uid
 Op1 -> != < =
 Op2 -> + -