First:
 A -> a epsilon
 B -> b epsilon
 S -> a b c